C=C(OP(=O)(O)O)C(=O)O
CC(=O)N[C@@H]1C(O)O[C@H](COP(=O)(O)O)[C@@H](O)[C@@H]1O
CC(=O)N[C@@H]1[C@@H](O)CC(O)(C(=O)O)O[C@H]1[C@H](O)[C@H](O)COP(=O)(O)O
CC(=O)OP(=O)(O)O
CC(C)(COP(=O)(O)OP(=O)(O)OC[C@H]1O[C@@H](n2cnc3c(N)ncnc32)[C@H](O)[C@@H]1OP(=O)(O)O)[C@@H](O)C(=O)NCCC(=O)NCCS
C[C@@H](OP(=O)(O)O)[C@H](N)C(=O)O
C[N+](C)(C)CCOP(=O)(O)O
Cc1cc2nc3c(=O)[nH]c(=O)nc-3n(C[C@H](O)[C@H](O)[C@H](O)COP(=O)(O)O)c2cc1C
Cc1cn(C2CC(O)C(COP(=O)(O)OP(=O)(O)O)O2)c(=O)[nH]c1=O
Cc1cn([C@@H]2O[C@H](COP(=O)(O)OP(=O)(O)OP(=O)(O)O)[C@@H](O)[C@H]2O)c(=O)[nH]c1=O
Cc1cn([C@H]2C[C@H](O)[C@@H](COP(=O)(O)O)O2)c(=O)[nH]c1=O
Cc1cn([C@H]2C[C@H](O)[C@@H](COP(=O)(O)OP(=O)(O)OP(=O)(O)O)O2)c(=O)[nH]c1=O
Cc1ncc(COP(=O)(O)O)c(C=O)c1O
Cc1ncc(COP(=O)(O)O)c(CN[C@@](C)(CCC(=O)O)C(=O)O)c1O
Cc1ncc(C[n+]2csc(CCOP(=O)([O-])OP(=O)(O)O)c2C)c(N)n1
NC(=O)OP(=O)(O)O
NC(=O)c1ccc[n+]([C@@H]2O[C@H](COP(=O)(O)OP(=O)(O)OC[C@H]3O[C@@H](n4cnc5c(N)ncnc54)[C@H](OP(=O)(O)O)[C@@H]3O)[C@@H](O)[C@H]2O)c1
NCCC[P+](=O)O
NCCOP(=O)(O)O
N[C@@H](C=O)[C@@H](O)[C@H](O)[C@H](O)COP(=O)(O)O
N[C@@H](COP(=O)(O)O)C(=O)O
N[C@@H](Cc1ccc(OP(=O)(O)O)cc1)C(=O)O
N[C@H](COP(=O)(O)O)Cc1cnc[nH]1
N[C@H]1[C@@H](OP(=O)(O)O)O[C@H](CO)[C@@H](O)[C@@H]1O
Nc1ccn(C2CC(O)C(COP(=O)(O)OP(=O)(O)OP(=O)(O)O)O2)c(=O)n1
Nc1ccn([C@@H]2O[C@H](COP(=O)(O)O)[C@@H](O)[C@H]2O)c(=O)n1
Nc1ccn([C@@H]2O[C@H](COP(=O)(O)OP(=O)(O)O)[C@@H](O)[C@H]2O)c(=O)n1
Nc1ccn([C@@H]2O[C@H](COP(=O)(O)OP(=O)(O)OP(=O)(O)O)[C@@H](O)[C@H]2O)c(=O)n1
Nc1ccn([C@H]2C[C@H](O)[C@@H](COP(=O)(O)O)O2)c(=O)n1
Nc1nc(=O)c2ncn(C3OC(COP(=O)(O)OP(=O)(O)O)C(O)C3O)c2[nH]1
Nc1nc2c(ncn2[C@@H]2O[C@H](COP(=O)(O)O)[C@@H](O)[C@H]2O)c(=O)[nH]1
Nc1nc2c(ncn2[C@@H]2O[C@H](COP(=O)(O)OP(=O)(O)OP(=O)(O)O)[C@@H](O)[C@H]2O)c(=O)[nH]1
Nc1nc2c(ncn2[C@H]2C[C@H](O)[C@@H](COP(=O)(O)O)O2)c(=O)[nH]1
Nc1nc2c(ncn2[C@H]2C[C@H](O)[C@@H](COP(=O)(O)OP(=O)(O)OP(=O)(O)O)O2)c(=O)[nH]1
Nc1ncnc2c1ncn2C1OC(COP(=O)(O)O)C(O)C1O
Nc1ncnc2c1ncn2C1OC(COP(=O)(O)OP(=O)(O)NP(=O)(O)O)C(O)C1O
Nc1ncnc2c1ncn2C1OC(COP(=O)(O)OP(=O)(O)O)C(O)C1O
Nc1ncnc2c1ncn2[C@@H]1O[C@@H](COP(=O)(O)O)[C@H](OP(=O)(O)O)[C@H]1O
Nc1ncnc2c1ncn2[C@@H]1O[C@H](CO)[C@@H](O)[C@H]1OP(=O)(O)O
Nc1ncnc2c1ncn2[C@@H]1O[C@H](CO)[C@@H](OP(=O)(O)O)[C@H]1O
Nc1ncnc2c1ncn2[C@@H]1O[C@H](COP(=O)(O)OP(=O)(O)OP(=O)(O)O)[C@@H](O)[C@H]1O
Nc1ncnc2c1ncn2[C@H]1C[C@H](O)[C@@H](COP(=O)(O)O)O1
Nc1ncnc2c1ncn2[C@H]1C[C@H](O)[C@@H](COP(=O)(O)OP(=O)(O)OP(=O)(O)O)O1
O=C(CO)COP(=O)(O)O
O=C(CO)[C@@H](O)[C@@H](O)COP(=O)(O)O
O=C(CO)[C@@H](O)[C@H](O)COP(=O)(O)O
O=C(CO)[C@@H](O)[C@H](O)[C@H](O)COP(=O)(O)O
O=C(CO)[C@@H](O)[C@H](O)[C@H](O)[C@H](O)COP(=O)(O)O
O=C(CO)[C@@H](O)[C@H](OP(=O)(O)O)[C@@H](O)CO
O=C(CO)[C@H](O)[C@H](O)COP(=O)(O)O
O=C(CO)[C@H](O)[C@H](O)[C@H](O)COP(=O)(O)O
O=C(COP(=O)(O)O)C(O)C(O)C(O)CO
O=C(O)C(=O)C[C@H](O)[C@H](O)COP(=O)(O)O
O=C(O)COP(=O)(O)O
O=C(O)C[C@@H](O)[C@H](O)[C@H](O)COP(=O)(O)O
O=C(O)C[C@H](O)[C@H](O)COP(=O)(O)O
O=C(O)P(=O)(O)O
O=C(O)[C@@H](CP(=O)(O)O)[C@@H](O)[C@H](O)[C@@H](O)CO
O=C(O)[C@@H](O)[C@@H](O)COP(=O)(O)O
O=C(O)[C@@H](O)[C@@H](O)[C@@H](O)COP(=O)(O)O
O=C(O)[C@@H](O)[C@@H](O)[C@H](O)COP(=O)(O)O
O=C(O)[C@@H](O)[C@@H](O)[C@H](O)[C@H](O)COP(=O)(O)O
O=C(O)[C@@H](O)[C@H](O)COP(=O)(O)O
O=C(O)[C@@H](O)[C@H](O)[C@@H](O)COP(=O)(O)O
O=C(O)[C@@H](O)[C@H](O)[C@H](O)COP(=O)(O)O
O=C(O)[C@@H](O)[C@H](O)[C@H](O)[C@H](O)COP(=O)(O)O
O=C(O)[C@@H](O)[C@H](OP(=O)(O)O)[C@@H](O)CO
O=C(O)[C@@H](O)[C@H](OP(=O)(O)O)[C@@H](O)[C@@H](O)CO
O=C(O)[C@@H](OP(=O)(O)O)[C@@H](O)[C@H](O)[C@@H](O)C(=O)O
O=C(O)[C@H](O)C[C@H](O)[C@H](O)COP(=O)(O)O
O=C(O)[C@H](O)[C@@H](O)[C@@H](O)COP(=O)(O)O
O=C(O)[C@H](O)[C@@H](O)[C@@H](O)[C@H](O)COP(=O)(O)O
O=C(O)[C@H](O)[C@@H](O)[C@H](O)COP(=O)(O)O
O=C(O)[C@H](O)[C@@H](O)[C@H](O)[C@H](O)COP(=O)(O)O
O=C(O)[C@H](O)[C@@H](OP(=O)(O)O)[C@H](O)CO
O=C(O)[C@H](O)[C@@H](OP(=O)(O)O)[C@H](O)[C@H](O)CO
O=C(O)[C@H](O)[C@H](O)COP(=O)(O)O
O=C(O)[C@H](O)[C@H](O)[C@H](O)COP(=O)(O)O
O=C(O)[C@H](O)[C@H](O)[C@H](O)[C@H](O)COP(=O)(O)O
O=C(O)[C@H](O)[C@H](OP(=O)(O)O)[C@H](O)[C@H](O)CO
O=C(O)[C@H]1O[C@H](OP(=O)(O)OP(=O)(O)OC[C@H]2O[C@@H](n3ccc(=O)[nH]c3=O)[C@H](O)[C@@H]2O)[C@H](O)[C@@H](O)[C@@H]1O
O=C(O)[C@]1(O)C[C@H](O)[C@@H](O)C([C@H](O)COP(=O)(O)O)O1
O=C(O)[C@]1(O)C[C@H](O)[C@@H](O)C([C@H](O)[C@H](O)OP(=O)(O)O)O1
O=C1O[C@H](C(O)CO)[C@H](O)[C@@]1(O)COP(=O)(O)O
O=CC(=O)[C@@H](O)[C@H](O)[C@H](O)COP(=O)(O)O
O=CC(O)COP(=O)(O)O
O=CC[C@@H](O)[C@H](O)[C@H](O)COP(=O)(O)O
O=CC[C@H](O)[C@H](O)COP(=O)(O)O
O=C[C@@H](O)[C@@H](O)[C@@H](O)COP(=O)(O)O
O=C[C@@H](O)[C@@H](O)[C@H](O)COP(=O)(O)O
O=C[C@@H](O)[C@@H](O)[C@H](O)[C@H](O)COP(=O)(O)O
O=C[C@@H](O)[C@H](O)[C@@H](O)COP(=O)(O)O
O=C[C@@H](O)[C@H](O)[C@H](O)COP(=O)(O)O
O=C[C@@H](O)[C@H](OP(=O)(O)O)[C@@H](O)CO
O=C[C@@H](O)[C@H](OP(=O)(O)O)[C@@H](O)[C@@H](O)CO
O=C[C@@H](OP(=O)(O)O)[C@@H](O)[C@H](O)[C@H](O)CO
O=C[C@H](O)C[C@H](O)[C@H](O)COP(=O)(O)O
O=C[C@H](O)[C@@H](O)[C@@H](O)COP(=O)(O)O
O=C[C@H](O)[C@@H](O)[C@@H](O)[C@H](O)COP(=O)(O)O
O=C[C@H](O)[C@@H](O)[C@H](O)COP(=O)(O)O
O=C[C@H](O)[C@@H](O)[C@H](O)[C@H](O)COP(=O)(O)O
O=C[C@H](O)[C@@H](O)[C@H](O)[C@H](OP(=O)(O)O)C(=O)O
O=C[C@H](O)[C@@H](OP(=O)(O)O)[C@H](O)CO
O=C[C@H](O)[C@@H](OP(=O)(O)O)[C@H](O)[C@@H](CO)OP(=O)(O)O
O=C[C@H](O)[C@@H](OP(=O)(O)O)[C@H](O)[C@H](O)CO
O=C[C@H](O)[C@H](O)COP(=O)(O)O
O=C[C@H](O)[C@H](O)[C@@H](O)COP(=O)(O)O
O=C[C@H](O)[C@H](O)[C@H](O)COP(=O)(O)O
O=C[C@H](O)[C@H](O)[C@H](O)[C@H](O)COP(=O)(O)O
O=C[C@H](O)[C@H](OP(=O)(O)O)[C@H](O)[C@H](O)CO
O=P(O)(O)OC(CO)CO
O=P(O)(O)OC([C@H](O)CO)[C@H](O)CO
O=P(O)(O)OCC(O)C(O)C(O)C(O)CO
O=P(O)(O)OCC(O)C(O)CO
O=P(O)(O)OCC(O)CO
O=P(O)(O)OC[C@@H](O)[C@@H](O)CCO
O=P(O)(O)OC[C@@H](O)[C@@H](O)[C@@H](O)CO
O=P(O)(O)OC[C@@H](O)[C@@H](O)[C@@H](O)[C@@H](O)CO
O=P(O)(O)OC[C@@H](O)[C@@H](O)[C@H](O)CCO
O=P(O)(O)OC[C@@H](O)[C@@H](O)[C@H](O)CO
O=P(O)(O)OC[C@@H](O)[C@@H](O)[C@H](O)[C@@H](O)CO
O=P(O)(O)OC[C@@H](O)[C@@H](O)[C@H](O)[C@H](O)CO
O=P(O)(O)OC[C@@H](O)[C@H](O)CO
O=P(O)(O)OC[C@@H](O)[C@H](O)[C@@H](O)CO
O=P(O)(O)OC[C@@H](O)[C@H](O)[C@@H](O)[C@H](O)CO
O=P(O)(O)OC[C@@H](O)[C@H](O)[C@H](O)CO
O=P(O)(O)OC[C@@H](O)[C@H](O)[C@H](O)[C@@H](O)CO
O=P(O)(O)OC[C@H](O)CO
O=P(O)(O)OC[C@H](O)[C@@H](O)[C@@H](O)CO
O=P(O)(O)OC[C@H](O)[C@@H](O)[C@@H](O)[C@H](O)CO
O=P(O)(O)OC[C@H](O)[C@@H](O)[C@H](O)CO
O=P(O)(O)OC[C@H](O)[C@@H](O)[C@H](O)[C@H](O)CO
O=P(O)(O)OC[C@H](O)[C@H](O)[C@@H](O)CO
O=P(O)(O)OC[C@H](O)[C@H](O)[C@H](O)CO
O=P(O)(O)OC[C@H](O)[C@H]1O[C@@H](OP(=O)(O)O)[C@@H](O)[C@@H](O)[C@@H]1O
O=P(O)(O)OC[C@H](O)[C@H]1O[C@H](OP(=O)(O)O)[C@@H](O)[C@@H](O)[C@@H]1O
O=P(O)(O)OC[C@H]1O[C@@H](OP(=O)(O)O)[C@H](O)[C@@H](O)[C@@H]1O
O=P(O)(O)OC[C@H]1O[C@@](O)(CO)[C@@H](O)[C@H]1O
O=P(O)(O)OC[C@H]1O[C@@](O)(COP(=O)(O)O)[C@@H](O)[C@@H]1O
O=P(O)(O)OC[C@H]1O[C@H](OP(=O)(O)O)[C@H](O)[C@@H](O)[C@@H]1O
O=P(O)(O)OC[C@H]1O[C@H](OP(=O)(O)OP(=O)(O)O)[C@H](O)[C@@H]1O
O=P(O)(O)OC[C@H]1O[C@H](O[C@H]2O[C@H](CO)[C@@H](O)[C@H](O)[C@H]2O)[C@H](O)[C@@H](O)[C@@H]1O
O=P(O)(O)OC[C@H]1O[C@H](O[C@]2(CO)O[C@H](CO)[C@@H](O)[C@@H]2O)[C@H](O)[C@@H](O)[C@@H]1O
O=P(O)(O)OP(=O)(O)O
O=P(O)(O)O[C@@H](CO)[C@@H](O)[C@H](O)[C@H](O)CO
O=P(O)(O)O[C@@H]([C@@H](O)CO)[C@H](O)[C@H](O)CO
O=P(O)(O)O[C@H](CO)[C@@H](O)[C@H](O)CO
O=P(O)(O)O[C@H](CO)[C@@H](O)[C@H](O)[C@H](O)CO
O=P(O)(O)O[C@H](CO)[C@@H](O)[C@H](OP(=O)(O)O)[C@@H](O)CO
O=P(O)(O)O[C@H](CO)[C@H](O)[C@H](O)[C@@H](O)CO
O=P(O)(O)O[C@H]([C@@H](O)CO)[C@H](O)CO
O=P(O)(O)O[C@H]([C@@H](O)CO)[C@H](O)[C@H](O)CO
O=P(O)(O)O[C@H]([C@@H](O)[C@@H](O)CO)[C@H](O)CO
O=P(O)(O)O[C@H]([C@H](O)CO)[C@H](O)[C@H](O)CO
O=P(O)(O)O[C@H]1O[C@H](CO)[C@@H](O)[C@H](O)[C@@H]1O
O=P(O)(O)O[C@H]1O[C@H](CO)[C@@H](O)[C@H](O)[C@H]1O
O=P(O)(O)O[C@H]1O[C@H](CO)[C@H](O)[C@H](O)[C@H]1O
O=[N+]([O-])c1ccc(OP(=O)(O)O)cc1
O=c1[nH]cnc2c1ncn2[C@@H]1O[C@H](COP(=O)(O)O)[C@@H](O)[C@H]1O
O=c1[nH]cnc2c1ncn2[C@@H]1O[C@H](COP(=O)(O)OP(=O)(O)O)[C@@H](O)[C@H]1O
O=c1[nH]cnc2c1ncn2[C@@H]1O[C@H](COP(=O)(O)OP(=O)(O)OP(=O)(O)O)[C@@H](O)[C@H]1O
O=c1ccn([C@@H]2O[C@H](COP(=O)(O)O)[C@@H](O)[C@H]2O)c(=O)[nH]1
O=c1ccn([C@@H]2O[C@H](COP(=O)(O)OP(=O)(O)O)[C@@H](O)[C@H]2O)c(=O)[nH]1
O=c1ccn([C@@H]2O[C@H](COP(=O)(O)OP(=O)(O)OP(=O)(O)O)[C@@H](O)[C@H]2O)c(=O)[nH]1
O=c1ccn([C@H]2C[C@H](O)[C@@H](COP(=O)(O)O)O2)c(=O)[nH]1
